#
# A fatal error has been detected by the Java Runtime Environment:
#
#  EXCEPTION_ACCESS_VIOLATION (0xc0000005) at pc=0x00007ffa7653be01, pid=17388, tid=17300
#
# JRE version: Java(TM) SE Runtime Environment (23.0.1+11) (build 23.0.1+11-39)
# Java VM: Java HotSpot(TM) 64-Bit Server VM (23.0.1+11-39, mixed mode, sharing, tiered, compressed oops, compressed class ptrs, g1 gc, windows-amd64)
# Problematic frame:
# C  [awt.dll+0xdbe01]
#
# No core dump will be written. Minidumps are not enabled by default on client versions of Windows
#
# If you would like to submit a bug report, please visit:
#   https://bugreport.java.com/bugreport/crash.jsp
# The crash happened outside the Java Virtual Machine in native code.
# See problematic frame for where to report the bug.
#

---------------  S U M M A R Y ------------

Command Line: --enable-preview -javaagent:C:\Program Files\JetBrains\IntelliJ IDEA Community Edition 2024.1\lib\idea_rt.jar=61470:C:\Program Files\JetBrains\IntelliJ IDEA Community Edition 2024.1\bin -Dfile.encoding=UTF-8 -Dsun.stdout.encoding=UTF-8 -Dsun.stderr.encoding=UTF-8 ScrumTracker

Host: AMD A6-7310 APU with AMD Radeon R4 Graphics    , 4 cores, 6G,  Windows 10 , 64 bit Build 19041 (10.0.19041.5915)
Time: Sat May  2 05:09:30 2026 W. Australia Standard Time elapsed time: 6467.305712 seconds (0d 1h 47m 47s)

---------------  T H R E A D  ---------------

Current thread (0x000001a8d2d1a4c0):  JavaThread "AWT-Windows" daemon [_thread_in_native, id=17300, stack(0x0000001712a00000,0x0000001712b00000) (1024K)]

Stack: [0x0000001712a00000,0x0000001712b00000],  sp=0x0000001712afe900,  free space=1018k
Native frames: (J=compiled Java code, j=interpreted, Vv=VM code, C=native code)
C  [awt.dll+0xdbe01]  (no source info available)
C  [awt.dll+0x9783c]  (no source info available)
C  [awt.dll+0x978e6]  (no source info available)
C  [awt.dll+0x94cb6]  (no source info available)
C  [awt.dll+0xe0f8c]  (no source info available)
C  [awt.dll+0xb0d3d]  (no source info available)
C  [awt.dll+0x97e1d]  (no source info available)
C  [USER32.dll+0xef5c]  (no source info available)
C  [USER32.dll+0xe9de]  (no source info available)
C  [awt.dll+0x161c3]  (no source info available)
C  [COMCTL32.dll+0x8a08a]  (no source info available)
C  [COMCTL32.dll+0x89e87]  (no source info available)
C  [USER32.dll+0xef5c]  (no source info available)
C  [USER32.dll+0xe684]  (no source info available)
C  [awt.dll+0xd530e]  (no source info available)
C  [awt.dll+0xd7242]  (no source info available)
C  0x000001a8c665d187  (no source info available)

The last pc belongs to native method entry point (kind = native) (printed below).
Java frames: (J=compiled Java code, j=interpreted, Vv=VM code)
j  sun.awt.windows.WToolkit.eventLoop()V+0 java.desktop@23.0.1
j  sun.awt.windows.WToolkit.run()V+50 java.desktop@23.0.1
j  java.lang.Thread.runWith(Ljava/lang/Object;Ljava/lang/Runnable;)V+5 java.base@23.0.1
j  java.lang.Thread.run()V+19 java.base@23.0.1
v  ~StubRoutines::call_stub 0x000001a8c6650fcd

siginfo: EXCEPTION_ACCESS_VIOLATION (0xc0000005), reading address 0x0000000000000008


Registers:
RAX=0x0000000000000000, RBX=0x000001a918b80a30, RCX=0x0000000000000000, RDX=0x0000000000000000
RSP=0x0000001712afe900, RBP=0x0000001712afea09, RSI=0x000000004c010ecf, RDI=0x0000000000000000
R8 =0x0000000000000001, R9 =0x0000001712afea09, R10=0x0000000000000000, R11=0x0000000000000246
R12=0x0000000000000000, R13=0x0000000000000310, R14=0x0000000000000000, R15=0x0000000000000000
RIP=0x00007ffa7653be01, EFLAGS=0x0000000000010246


Register to memory mapping:

RAX=0x0 is null
RBX=0x000001a918b80a30 points into unknown readable memory: 0x000001a918b44390 | 90 43 b4 18 a9 01 00 00
RCX=0x0 is null
RDX=0x0 is null
RSP=0x0000001712afe900 is pointing into the stack for thread: 0x000001a8d2d1a4c0
RBP=0x0000001712afea09 is pointing into the stack for thread: 0x000001a8d2d1a4c0
RSI=0x000000004c010ecf is an unknown value
RDI=0x0 is null
R8 =0x0000000000000001 is an unknown value
R9 =0x0000001712afea09 is pointing into the stack for thread: 0x000001a8d2d1a4c0
R10=0x0 is null
R11=0x0000000000000246 is an unknown value
R12=0x0 is null
R13=0x0000000000000310 is an unknown value
R14=0x0 is null
R15=0x0 is null

Top of Stack: (sp=0x0000001712afe900)
0x0000001712afe900:   00007ffa76599838 000000004c010ecf
0x0000001712afe910:   0000000000000000 0000000000000000
0x0000001712afe920:   0000000000000000 00007ffa764f783c
0x0000001712afe930:   000000004c010ecf 000001a918ea3030
0x0000001712afe940:   000001a918b80a30 00007ffac8d9e9de
0x0000001712afe950:   0000000000000000 00007ffa764f78e6
0x0000001712afe960:   000001a918ea3030 00007ffa76460000
0x0000001712afe970:   0000000000000000 0000000000000000
0x0000001712afe980:   0000000000000000 00007ffa764f4cb6
0x0000001712afe990:   000001a918ea3030 0000000000000000
0x0000001712afe9a0:   0000000000000000 0000001712afecf0
0x0000001712afe9b0:   000000000000c224 000001a8d2d1a4c0
0x0000001712afe9c0:   0000000000000000 00007ffa76cfba89
0x0000001712afe9d0:   0000000000000000 00007ffab5d6a08a
0x0000001712afe9e0:   0000000000000000 00007ffac95e9877
0x0000001712afe9f0:   0000001712afeab0 000001a8d2d1a880
0x0000001712afea00:   000001a918ea30d0 0000000000000000
0x0000001712afea10:   000001a8d2d1a4c0 0000f00810f14921
0x0000001712afea20:   0000000000000001 0000000000000000
0x0000001712afea30:   0000000000000000 0000000000000000
0x0000001712afea40:   0000000000000000 0000000000000310
0x0000001712afea50:   0000000000000000 000001a918ea3030
0x0000001712afea60:   000001a918ea3030 00007ffa76540f8c
0x0000001712afea70:   0000000000000001 0000000000000000
0x0000001712afea80:   0000000000000000 00007ffa77108ad3
0x0000001712afea90:   000001a80000c224 00007ffa76561bf8
0x0000001712afeaa0:   0000000000000000 00000000002203c8
0x0000001712afeab0:   000001a8b4deadd0 00007ffac8da0317
0x0000001712afeac0:   0000000000000000 00007ffac95e9993
0x0000001712afead0:   0000001711002800 00000000ffffffeb
0x0000001712afeae0:   0000000000000000 0000f00810f14ac1
0x0000001712afeaf0:   0000001712afecf0 0000000000000000 

Instructions: (pc=0x00007ffa7653be01)
0x00007ffa7653bd01:   83 ec 28 66 0f 6e c2 0f 5b c0 f3 0f 59 41 48 0f
0x00007ffa7653bd11:   5a c8 f2 0f 10 05 bd 4e 03 00 f2 0f 5c 0d e5 4e
0x00007ffa7653bd21:   01 00 66 0f 2f c1 76 0a b8 00 00 00 80 48 83 c4
0x00007ffa7653bd31:   28 c3 66 0f 2f 0d 65 98 02 00 76 0a b8 ff ff ff
0x00007ffa7653bd41:   7f 48 83 c4 28 c3 0f 28 c1 e8 af 0e 01 00 f2 0f
0x00007ffa7653bd51:   2c c0 48 83 c4 28 c3 cc cc cc cc cc cc cc cc 48
0x00007ffa7653bd61:   83 ec 28 66 0f 6e c2 0f 5b c0 f3 0f 59 41 4c 0f
0x00007ffa7653bd71:   5a c8 f2 0f 10 05 5d 4e 03 00 f2 0f 5c 0d 85 4e
0x00007ffa7653bd81:   01 00 66 0f 2f c1 76 0a b8 00 00 00 80 48 83 c4
0x00007ffa7653bd91:   28 c3 66 0f 2f 0d 05 98 02 00 76 0a b8 ff ff ff
0x00007ffa7653bda1:   7f 48 83 c4 28 c3 0f 28 c1 e8 4f 0e 01 00 f2 0f
0x00007ffa7653bdb1:   2c c0 48 83 c4 28 c3 cc cc cc cc cc cc cc cc 48
0x00007ffa7653bdc1:   8b 49 08 48 85 c9 0f 85 b3 7c fe ff 33 c0 c3 48
0x00007ffa7653bdd1:   89 5c 24 08 48 89 74 24 10 57 48 83 ec 20 8b fa
0x00007ffa7653bde1:   48 8b f1 e8 b7 be f4 ff 48 8b d8 48 89 44 24 40
0x00007ffa7653bdf1:   41 b8 01 00 00 00 8b d7 48 8b c8 e8 1f be f4 ff
0x00007ffa7653be01:   48 8b 48 08 48 85 c9 74 0d 48 8b d6 e8 6e 7c fe
0x00007ffa7653be11:   ff 48 8b f8 eb 02 33 ff 48 8b cb e8 3f c0 f4 ff
0x00007ffa7653be21:   90 48 8b c7 48 8b 5c 24 30 48 8b 74 24 38 48 83
0x00007ffa7653be31:   c4 20 5f c3 cc cc cc cc cc cc cc cc cc cc cc 48
0x00007ffa7653be41:   8b 01 89 10 c3 cc cc cc cc cc cc cc cc cc cc 40
0x00007ffa7653be51:   57 48 83 ec 40 48 83 79 38 00 48 8b f9 0f 84 96
0x00007ffa7653be61:   01 00 00 48 8b 0d b5 9f 06 00 ba 02 00 01 00 48
0x00007ffa7653be71:   89 5c 24 58 48 89 74 24 68 e8 40 d8 00 00 4c 8b
0x00007ffa7653be81:   05 12 a5 06 00 48 8b c8 48 8b 57 38 48 8b d8 4c
0x00007ffa7653be91:   8b 08 41 ff 91 f8 02 00 00 48 8b f0 48 85 c0 0f
0x00007ffa7653bea1:   84 4a 01 00 00 4c 8b 0b 48 8b d0 4c 8b 05 d5 a4
0x00007ffa7653beb1:   06 00 48 8b cb 41 ff 91 00 01 00 00 84 c0 0f 84
0x00007ffa7653bec1:   2b 01 00 00 48 8b 7f 08 48 8b d6 48 8b 03 48 8b
0x00007ffa7653bed1:   cb 4c 8b 05 c7 a4 06 00 48 81 c7 00 04 00 00 48
0x00007ffa7653bee1:   89 6c 24 60 4c 89 64 24 38 ff 90 f8 02 00 00 4c
0x00007ffa7653bef1:   8b 0b 48 8b d6 4c 8b 05 ab a4 06 00 48 8b cb 4c 


Stack slot to memory mapping:

stack at sp + 0 slots: 0x00007ffa76599838 awt.dll
stack at sp + 1 slots: 0x000000004c010ecf is an unknown value
stack at sp + 2 slots: 0x0 is null
stack at sp + 3 slots: 0x0 is null
stack at sp + 4 slots: 0x0 is null
stack at sp + 5 slots: 0x00007ffa764f783c awt.dll
stack at sp + 6 slots: 0x000000004c010ecf is an unknown value
stack at sp + 7 slots: 0x000001a918ea3030 points into unknown readable memory: 0x00007ffa7656c860 | 60 c8 56 76 fa 7f 00 00

Lock stack of current Java thread (top to bottom):

native method entry point (kind = native)  [0x000001a8c665cd60, 0x000001a8c665d8b8]  2904 bytes
[MachCode]
  0x000001a8c665cd60: 488b 4b08 | 0fb7 492e | 584c 8d74 | ccf8 6800 | 0000 0068 | 0000 0000 | 5055 488b | ec41 5568 
  0x000001a8c665cd80: 0000 0000 | 4c8b 6b08 | 4d8d 6d38 | 5348 8b53 | 0848 8b52 | 0848 8b52 | 1848 8b52 | 7048 8b12 
  0x000001a8c665cda0: 5248 8b53 | 1048 85d2 | 0f84 0700 | 0000 4881 | c210 0100 | 0052 488b | 5308 488b | 5208 488b 
  0x000001a8c665cdc0: 5210 5249 | 8bc6 482b | c548 c1e8 | 0350 6800 | 0000 0068 | f7ff ffff | 41c6 8771 | 0400 0001 
  0x000001a8c665cde0: 488b 4310 | 4885 c074 | 208b 88cc | 0000 0083 | c102 8988 | cc00 0000 | 2388 e000 | 0000 0f84 
  0x000001a8c665ce00: 000a 0000 | e9cf 0000 | 0048 8b43 | 1848 85c0 | 0f85 b000 | 0000 e805 | 0000 00e9 | 9900 0000 
  0x000001a8c665ce20: 488b d348 | 8d44 2408 | 4c89 6dc0 | 498b cfc5 | f877 4989 | afb0 0300 | 0049 8987 | a003 0000 
  0x000001a8c665ce40: 4883 ec20 | 40f6 c40f | 0f84 1900 | 0000 4883 | ec08 48b8 | 9026 cf76 | fa7f 0000 | ffd0 4883 
  0x000001a8c665ce60: c408 e90c | 0000 0048 | b890 26cf | 76fa 7f00 | 00ff d048 | 83c4 2049 | c787 a003 | 0000 0000 
  0x000001a8c665ce80: 0000 49c7 | 87b0 0300 | 0000 0000 | 0049 c787 | a803 0000 | 0000 0000 | c5f8 7749 | 837f 0800 
  0x000001a8c665cea0: 0f84 0500 | 0000 e915 | 40ff ff4c | 8b6d c04c | 8b75 c84e | 8d74 f500 | c348 8b43 | 1848 85c0 
  0x000001a8c665cec0: 0f84 1200 | 0000 8b48 | 0883 c102 | 8948 0823 | 481c 0f84 | 2c09 0000 | 493b a7e8 | 0400 000f 
  0x000001a8c665cee0: 8748 0000 | 0089 8424 | 00f0 ffff | 8984 2400 | e0ff ff89 | 8424 00d0 | ffff 8984 | 2400 c0ff 
  0x000001a8c665cf00: ff89 8424 | 00b0 ffff | 8984 2400 | a0ff ff89 | 8424 0090 | ffff 8984 | 2400 80ff | ff49 3ba7 
  0x000001a8c665cf20: e004 0000 | 7607 4989 | a7e8 0400 | 0041 c687 | 7104 0000 | 0049 ba41 | ad56 77fa | 7f00 0041 
  0x000001a8c665cf40: 803a 000f | 843e 0000 | 0048 8b55 | e849 8bcf | 4883 ec20 | 40f6 c40f | 0f84 1900 | 0000 4883 
  0x000001a8c665cf60: ec08 48b8 | 10ee 0677 | fa7f 0000 | ffd0 4883 | c408 e90c | 0000 0048 | b810 ee06 | 77fa 7f00 
  0x000001a8c665cf80: 00ff d048 | 83c4 2048 | 8b5d e84c | 8b5b 0845 | 0fb7 5b2e | 41c1 e303 | 492b e348 | 83ec 2048 
  0x000001a8c665cfa0: 83e4 f04c | 8b5b 604d | 85db 0f85 | ab00 0000 | e805 0000 | 00e9 9900 | 0000 488b | d348 8d44 
  0x000001a8c665cfc0: 2408 4c89 | 6dc0 498b | cfc5 f877 | 4989 afb0 | 0300 0049 | 8987 a003 | 0000 4883 | ec20 40f6 
  0x000001a8c665cfe0: c40f 0f84 | 1900 0000 | 4883 ec08 | 48b8 f04d | cf76 fa7f | 0000 ffd0 | 4883 c408 | e90c 0000 
  0x000001a8c665d000: 0048 b8f0 | 4dcf 76fa | 7f00 00ff | d048 83c4 | 2049 c787 | a003 0000 | 0000 0000 | 49c7 87b0 
  0x000001a8c665d020: 0300 0000 | 0000 0049 | c787 a803 | 0000 0000 | 0000 c5f8 | 7749 837f | 0800 0f84 | 0500 0000 
  0x000001a8c665d040: e97b 3eff | ff4c 8b6d | c04c 8b75 | c84e 8d74 | f500 c348 | 8b5d e84c | 8b5b 6041 | ffd3 488b 
  0x000001a8c665d060: 5de8 4889 | 4518 448b | 5b28 41f6 | c308 0f84 | 1b00 0000 | 4c8b 5b08 | 4d8b 5b08 | 4d8b 5b18 
  0x000001a8c665d080: 4d8b 5b70 | 4d8b 1b4c | 895d 1048 | 8d55 1048 | 8b43 5849 | ba60 3c07 | 77fa 7f00 | 0049 3bc2 
  0x000001a8c665d0a0: 0f85 ab00 | 0000 e805 | 0000 00e9 | 9900 0000 | 488b d348 | 8d44 2408 | 4c89 6dc0 | 498b cfc5 
  0x000001a8c665d0c0: f877 4989 | afb0 0300 | 0049 8987 | a003 0000 | 4883 ec20 | 40f6 c40f | 0f84 1900 | 0000 4883 
  0x000001a8c665d0e0: ec08 48b8 | f04d cf76 | fa7f 0000 | ffd0 4883 | c408 e90c | 0000 0048 | b8f0 4dcf | 76fa 7f00 
  0x000001a8c665d100: 00ff d048 | 83c4 2049 | c787 a003 | 0000 0000 | 0000 49c7 | 87b0 0300 | 0000 0000 | 0049 c787 
  0x000001a8c665d120: a803 0000 | 0000 0000 | c5f8 7749 | 837f 0800 | 0f84 0500 | 0000 e985 | 3dff ff4c | 8b6d c04c 
  0x000001a8c665d140: 8b75 c84e | 8d74 f500 | c348 8b5d | e848 8b43 | 5849 8d8f | c003 0000 | c5f8 7749 | 89af b003 
  0x000001a8c665d160: 0000 49ba | 58d1 65c6 | a801 0000 | 4d89 97a8 | 0300 0049 | 89a7 a003 | 0000 41c7 | 8744 0400 
  0x000001a8c665d180: 0004 0000 | 00ff d0c5 | f877 4883 | ec10 c5fb | 1104 2448 | 83ec 1048 | 8904 2448 | c744 2408 
  0x000001a8c665d1a0: 0000 0000 | 41c7 8744 | 0400 0005 | 0000 00f0 | 8344 24c0 | 0049 3baf | 4804 0000 | 0f87 0e00 
  0x000001a8c665d1c0: 0000 4183 | bf40 0400 | 0000 0f84 | 2000 0000 | 498b cf4c | 8be4 4883 | ec20 4883 | e4f0 48b8 
  0x000001a8c665d1e0: 90a9 d076 | fa7f 0000 | ffd0 498b | e44d 33e4 | 41c7 8744 | 0400 0008 | 0000 0049 | c787 a003 
  0x000001a8c665d200: 0000 0000 | 0000 49c7 | 87b0 0300 | 0000 0000 | 0049 c787 | a803 0000 | 0000 0000 | c5f8 774d 
  0x000001a8c665d220: 8b9f 3004 | 0000 41c7 | 8300 0100 | 0000 0000 | 0049 bbda | a565 c6a8 | 0100 004c | 3b5d 180f 
  0x000001a8c665d240: 8524 0200 | 0048 8b04 | 2448 83c4 | 1048 85c0 | 0f84 fe01 | 0000 a803 | 0f85 0800 | 0000 488b 
  0x000001a8c665d260: 00e9 ee01 | 0000 a801 | 0f85 0900 | 0000 488b | 40fe e9dd | 0100 0048 | 8b40 ff41 | 807f 3800 
  0x000001a8c665d280: 0f84 ce01 | 0000 4883 | f800 0f84 | c401 0000 | 4d8b 5f28 | 4983 fb00 | 0f84 1400 | 0000 4983 
  0x000001a8c665d2a0: eb08 4d89 | 5f28 4d03 | 5f30 4989 | 03e9 a201 | 0000 4881 | ecd0 0000 | 0048 8904 | 2448 894c 
  0x000001a8c665d2c0: 2408 4889 | 5424 1048 | 8974 2418 | 4889 7c24 | 204c 8944 | 2428 4c89 | 4c24 304c | 8954 2438 
  0x000001a8c665d2e0: 4c89 5c24 | 40c5 fb11 | 4424 50c5 | fb11 4c24 | 58c5 fb11 | 5424 60c5 | fb11 5c24 | 68c5 fb11 
  0x000001a8c665d300: 6424 70c5 | fb11 6c24 | 78c5 fb11 | b424 8000 | 0000 c5fb | 11bc 2488 | 0000 00c5 | 7b11 8424 
  0x000001a8c665d320: 9000 0000 | c57b 118c | 2498 0000 | 00c5 7b11 | 9424 a000 | 0000 c57b | 119c 24a8 | 0000 00c5 
  0x000001a8c665d340: 7b11 a424 | b000 0000 | c57b 11ac | 24b8 0000 | 00c5 7b11 | b424 c000 | 0000 c57b | 11bc 24c8 
  0x000001a8c665d360: 0000 0049 | 8bd7 488b | c848 83ec | 2040 f6c4 | 0f0f 8419 | 0000 0048 | 83ec 0848 | b8e0 07c4 
  0x000001a8c665d380: 76fa 7f00 | 00ff d048 | 83c4 08e9 | 0c00 0000 | 48b8 e007 | c476 fa7f | 0000 ffd0 | 4883 c420 
  0x000001a8c665d3a0: c57b 10bc | 24c8 0000 | 00c5 7b10 | b424 c000 | 0000 c57b | 10ac 24b8 | 0000 00c5 | 7b10 a424 
  0x000001a8c665d3c0: b000 0000 | c57b 109c | 24a8 0000 | 00c5 7b10 | 9424 a000 | 0000 c57b | 108c 2498 | 0000 00c5 
  0x000001a8c665d3e0: 7b10 8424 | 9000 0000 | c5fb 10bc | 2488 0000 | 00c5 fb10 | b424 8000 | 0000 c5fb | 106c 2478 
  0x000001a8c665d400: c5fb 1064 | 2470 c5fb | 105c 2468 | c5fb 1054 | 2460 c5fb | 104c 2458 | c5fb 1044 | 2450 4c8b 
  0x000001a8c665d420: 5c24 404c | 8b54 2438 | 4c8b 4c24 | 304c 8b44 | 2428 488b | 7c24 2048 | 8b74 2418 | 488b 5424 
  0x000001a8c665d440: 1048 8b4c | 2408 488b | 0424 4881 | c4d0 0000 | 00c5 f877 | 4889 4510 | 4883 ec10 | 4889 0424 
  0x000001a8c665d460: 48c7 4424 | 0800 0000 | 0041 83bf | c804 0000 | 020f 85bf | 0000 0048 | 81ec 8000 | 0000 4889 
  0x000001a8c665d480: 4424 7848 | 894c 2470 | 4889 5424 | 6848 895c | 2460 4889 | 6c24 5048 | 8974 2448 | 4889 7c24 
  0x000001a8c665d4a0: 404c 8944 | 2438 4c89 | 4c24 304c | 8954 2428 | 4c89 5c24 | 204c 8964 | 2418 4c89 | 6c24 104c 
  0x000001a8c665d4c0: 8974 2408 | 4c89 3c24 | 4c8b e448 | 83ec 2048 | 83e4 f048 | b8c0 2207 | 77fa 7f00 | 00ff d049 
  0x000001a8c665d4e0: 8be4 4c8b | 3c24 4c8b | 7424 084c | 8b6c 2410 | 4c8b 6424 | 184c 8b5c | 2420 4c8b | 5424 284c 
  0x000001a8c665d500: 8b4c 2430 | 4c8b 4424 | 3848 8b7c | 2440 488b | 7424 4848 | 8b6c 2450 | 488b 5c24 | 6048 8b54 
  0x000001a8c665d520: 2468 488b | 4c24 7048 | 8b44 2478 | 4881 c480 | 0000 004d | 33e4 488b | 5de8 4c8b | 6b08 4d8d 
  0x000001a8c665d540: 6d38 4983 | 7f08 000f | 84bb 0000 | 00e8 0500 | 0000 e996 | 0000 0048 | 8d44 2408 | 4c89 6dc0 
  0x000001a8c665d560: 498b cfc5 | f877 4989 | afb0 0300 | 0049 8987 | a003 0000 | 4883 ec20 | 40f6 c40f | 0f84 1900 
  0x000001a8c665d580: 0000 4883 | ec08 48b8 | 006c cf76 | fa7f 0000 | ffd0 4883 | c408 e90c | 0000 0048 | b800 6ccf 
  0x000001a8c665d5a0: 76fa 7f00 | 00ff d048 | 83c4 2049 | c787 a003 | 0000 0000 | 0000 49c7 | 87b0 0300 | 0000 0000 
  0x000001a8c665d5c0: 0049 c787 | a803 0000 | 0000 0000 | c5f8 7749 | 837f 0800 | 0f84 0500 | 0000 e9e1 | 38ff ff4c 
  0x000001a8c665d5e0: 8b6d c04c | 8b75 c84e | 8d74 f500 | c348 b940 | d52e 77fa | 7f00 0048 | 83e4 f048 | b870 4af5 
  0x000001a8c665d600: 76fa 7f00 | 00ff d0f4 | 448b 5b28 | 41f6 c320 | 0f84 7901 | 0000 488d | 55a8 4c8b | 5a08 4d85 
  0x000001a8c665d620: db0f 85bb | 0000 00e8 | 0500 0000 | e996 0000 | 0048 8d44 | 2408 4c89 | 6dc0 498b | cfc5 f877 
  0x000001a8c665d640: 4989 afb0 | 0300 0049 | 8987 a003 | 0000 4883 | ec20 40f6 | c40f 0f84 | 1900 0000 | 4883 ec08 
  0x000001a8c665d660: 48b8 306b | cf76 fa7f | 0000 ffd0 | 4883 c408 | e90c 0000 | 0048 b830 | 6bcf 76fa | 7f00 00ff 
  0x000001a8c665d680: d048 83c4 | 2049 c787 | a003 0000 | 0000 0000 | 49c7 87b0 | 0300 0000 | 0000 0049 | c787 a803 
  0x000001a8c665d6a0: 0000 0000 | 0000 c5f8 | 7749 837f | 0800 0f84 | 0500 0000 | e907 38ff | ff4c 8b6d | c04c 8b75 
  0x000001a8c665d6c0: c84e 8d74 | f500 c348 | b940 d52e | 77fa 7f00 | 0048 83e4 | f048 b870 | 4af5 76fa | 7f00 00ff 
  0x000001a8c665d6e0: d0f4 4c89 | 6dc0 4c8b | 4a08 48c7 | 4208 0000 | 0000 458b | 8718 0600 | 004f 3b4c | 07f8 0f85 
  0x000001a8c665d700: 4900 0000 | 4183 af18 | 0600 0008 | 4f3b 4c07 | f00f 842a | 0000 0049 | 8b01 a802 | 0f85 1200 
  0x000001a8c665d720: 0000 4c8b | c049 83c8 | 01f0 4d0f | b101 0f84 | 0d00 0000 | 4183 8718 | 0600 0008 | e90c 0000 
  0x000001a8c665d740: 0049 ff8f | 5005 0000 | e93e 0000 | 004c 894a | 0848 8bca | 4883 ec20 | 40f6 c40f | 0f84 1900 
  0x000001a8c665d760: 0000 4883 | ec08 48b8 | f03d cf76 | fa7f 0000 | ffd0 4883 | c408 e90c | 0000 0048 | b8f0 3dcf 
  0x000001a8c665d780: 76fa 7f00 | 00ff d048 | 83c4 204c | 8b6d c049 | ba41 ad56 | 77fa 7f00 | 0041 803a | 000f 843e 
  0x000001a8c665d7a0: 0000 0048 | 8b55 e849 | 8bcf 4883 | ec20 40f6 | c40f 0f84 | 1900 0000 | 4883 ec08 | 48b8 10ee 
  0x000001a8c665d7c0: 0677 fa7f | 0000 ffd0 | 4883 c408 | e90c 0000 | 0048 b810 | ee06 77fa | 7f00 00ff | d048 83c4 
  0x000001a8c665d7e0: 2048 8b04 | 2448 83c4 | 10c5 fb10 | 0424 4883 | c410 4c8b | 5d18 41ff | d34c 8b5d | f8c9 5f49 
  0x000001a8c665d800: 8be3 ffe7 | ba00 0000 | 00e8 0500 | 0000 e996 | 0000 0048 | 8d44 2408 | 4c89 6dc0 | 498b cfc5 
  0x000001a8c665d820: f877 4989 | afb0 0300 | 0049 8987 | a003 0000 | 4883 ec20 | 40f6 c40f | 0f84 1900 | 0000 4883 
  0x000001a8c665d840: ec08 48b8 | a031 cf76 | fa7f 0000 | ffd0 4883 | c408 e90c | 0000 0048 | b8a0 31cf | 76fa 7f00 
  0x000001a8c665d860: 00ff d048 | 83c4 2049 | c787 a003 | 0000 0000 | 0000 49c7 | 87b0 0300 | 0000 0000 | 0049 c787 
  0x000001a8c665d880: a803 0000 | 0000 0000 | c5f8 7749 | 837f 0800 | 0f84 0500 | 0000 e925 | 36ff ff4c | 8b6d c04c 
  0x000001a8c665d8a0: 8b75 c84e | 8d74 f500 | c348 8b5d | e8e9 26f6 | ffff 660f | 1f44 0000 
[/MachCode]

---------------  P R O C E S S  ---------------

Threads class SMR info:
_java_thread_list=0x000001a918efa9c0, length=18, elements={
0x000001a8d299ca20, 0x000001a8d299d290, 0x000001a8d29a0920, 0x000001a8d29a0f90,
0x000001a8d29a3610, 0x000001a8d29a7f10, 0x000001a8d29a88b0, 0x000001a8d29aaf80,
0x000001a8d2a83140, 0x000001a8d2c21ff0, 0x000001a8d2c24ba0, 0x000001a8d2d0fa40,
0x000001a8d2d13ce0, 0x000001a8d2d1a4c0, 0x000001a918e9da50, 0x000001a8b47606f0,
0x000001a8d2bcef20, 0x000001a918f66650
}

Java Threads: ( => current thread )
  0x000001a8d299ca20 JavaThread "Reference Handler"          daemon [_thread_blocked, id=13504, stack(0x0000001711d00000,0x0000001711e00000) (1024K)]
  0x000001a8d299d290 JavaThread "Finalizer"                  daemon [_thread_blocked, id=16048, stack(0x0000001711e00000,0x0000001711f00000) (1024K)]
  0x000001a8d29a0920 JavaThread "Signal Dispatcher"          daemon [_thread_blocked, id=16636, stack(0x0000001711f00000,0x0000001712000000) (1024K)]
  0x000001a8d29a0f90 JavaThread "Attach Listener"            daemon [_thread_blocked, id=16168, stack(0x0000001712000000,0x0000001712100000) (1024K)]
  0x000001a8d29a3610 JavaThread "Service Thread"             daemon [_thread_blocked, id=860, stack(0x0000001712100000,0x0000001712200000) (1024K)]
  0x000001a8d29a7f10 JavaThread "Monitor Deflation Thread"   daemon [_thread_blocked, id=12488, stack(0x0000001712200000,0x0000001712300000) (1024K)]
  0x000001a8d29a88b0 JavaThread "C2 CompilerThread0"         daemon [_thread_blocked, id=18332, stack(0x0000001712300000,0x0000001712400000) (1024K)]
  0x000001a8d29aaf80 JavaThread "C1 CompilerThread0"         daemon [_thread_blocked, id=16860, stack(0x0000001712400000,0x0000001712500000) (1024K)]
  0x000001a8d2a83140 JavaThread "Common-Cleaner"             daemon [_thread_blocked, id=9980, stack(0x0000001712500000,0x0000001712600000) (1024K)]
  0x000001a8d2c21ff0 JavaThread "Monitor Ctrl-Break"         daemon [_thread_in_native, id=13360, stack(0x0000001712600000,0x0000001712700000) (1024K)]
  0x000001a8d2c24ba0 JavaThread "Notification Thread"        daemon [_thread_blocked, id=17672, stack(0x0000001712700000,0x0000001712800000) (1024K)]
  0x000001a8d2d0fa40 JavaThread "Java2D Disposer"            daemon [_thread_blocked, id=6052, stack(0x0000001712800000,0x0000001712900000) (1024K)]
  0x000001a8d2d13ce0 JavaThread "AWT-Shutdown"                      [_thread_blocked, id=15584, stack(0x0000001712900000,0x0000001712a00000) (1024K)]
=>0x000001a8d2d1a4c0 JavaThread "AWT-Windows"                daemon [_thread_in_native, id=17300, stack(0x0000001712a00000,0x0000001712b00000) (1024K)]
  0x000001a918e9da50 JavaThread "AWT-EventQueue-0"                  [_thread_in_native, id=16872, stack(0x0000001713300000,0x0000001713400000) (1024K)]
  0x000001a8b47606f0 JavaThread "DestroyJavaVM"                     [_thread_blocked, id=1992, stack(0x0000001711500000,0x0000001711600000) (1024K)]
  0x000001a8d2bcef20 JavaThread "D3D Screen Updater"         daemon [_thread_blocked, id=14788, stack(0x0000001713500000,0x0000001713600000) (1024K)]
  0x000001a918f66650 JavaThread "TimerQueue"                 daemon [_thread_blocked, id=9104, stack(0x0000001713600000,0x0000001713700000) (1024K)]
Total: 18

Other Threads:
  0x000001a8d29848a0 VMThread "VM Thread"                           [id=532, stack(0x0000001711c00000,0x0000001711d00000) (1024K)]
  0x000001a8d2974140 WatcherThread "VM Periodic Task Thread"        [id=13712, stack(0x0000001711b00000,0x0000001711c00000) (1024K)]
  0x000001a8b6a32890 WorkerThread "GC Thread#0"                     [id=8008, stack(0x0000001711600000,0x0000001711700000) (1024K)]
  0x000001a8b6a460a0 ConcurrentGCThread "G1 Main Marker"            [id=8612, stack(0x0000001711700000,0x0000001711800000) (1024K)]
  0x000001a8b6a47350 WorkerThread "G1 Conc#0"                       [id=18108, stack(0x0000001711800000,0x0000001711900000) (1024K)]
  0x000001a8d28420c0 ConcurrentGCThread "G1 Refine#0"               [id=9976, stack(0x0000001711900000,0x0000001711a00000) (1024K)]
  0x000001a8d2843a10 ConcurrentGCThread "G1 Service"                [id=18156, stack(0x0000001711a00000,0x0000001711b00000) (1024K)]
Total: 7

Threads with active compile tasks:
Total: 0

VM state: not at safepoint (normal execution)

VM Mutex/Monitor currently owned by a thread: None

Heap address: 0x0000000091200000, size: 1774 MB, Compressed Oops mode: 32-bit

CDS archive(s) mapped at: [0x000001a8d3000000-0x000001a8d3d70000-0x000001a8d3d70000), size 14090240, SharedBaseAddress: 0x000001a8d3000000, ArchiveRelocationMode: 1.
Compressed class space mapped at: 0x000001a8d4000000-0x000001a914000000, reserved size: 1073741824
Narrow klass base: 0x000001a8d3000000, Narrow klass shift: 0, Narrow klass range: 0x41000000

GC Precious Log:
 CardTable entry size: 512
 Card Set container configuration: InlinePtr #cards 5 size 8 Array Of Cards #cards 10 size 36 Howl #buckets 4 coarsen threshold 1843 Howl Bitmap #cards 512 size 80 coarsen threshold 460 Card regions per heap region 1 cards per card region 2048
 CPUs: 4 total, 4 available
 Memory: 7093M
 Large Page Support: Disabled
 NUMA Support: Disabled
 Compressed Oops: Enabled (32-bit)
 Heap Region Size: 1M
 Heap Min Capacity: 8M
 Heap Initial Capacity: 112M
 Heap Max Capacity: 1774M
 Pre-touch: Disabled
 Parallel Workers: 4
 Concurrent Workers: 1
 Concurrent Refinement Workers: 4
 Periodic GC: Disabled

Heap:
 garbage-first heap   total reserved 1816576K, committed 114688K, used 16384K [0x0000000091200000, 0x0000000100000000)
  region size 1024K, 11 young (11264K), 0 survivors (0K)
 Metaspace       used 8643K, committed 8832K, reserved 1114112K
  class space    used 999K, committed 1088K, reserved 1048576K

Heap Regions: E=young(eden), S=young(survivor), O=old, HS=humongous(starts), HC=humongous(continues), CS=collection set, F=free, TAMS=top-at-mark-start, PB=parsable bottom
|   0|0x0000000091200000, 0x0000000091300000, 0x0000000091300000|100%|HS|  |TAMS 0x0000000091200000| PB 0x0000000091200000| Complete |  0
|   1|0x0000000091300000, 0x0000000091400000, 0x0000000091400000|100%|HC|  |TAMS 0x0000000091300000| PB 0x0000000091300000| Complete |  0
|   2|0x0000000091400000, 0x0000000091500000, 0x0000000091500000|100%|HS|  |TAMS 0x0000000091400000| PB 0x0000000091400000| Complete |  0
|   3|0x0000000091500000, 0x0000000091600000, 0x0000000091600000|100%|HC|  |TAMS 0x0000000091500000| PB 0x0000000091500000| Complete |  0
|   4|0x0000000091600000, 0x0000000091700000, 0x0000000091700000|100%|HS|  |TAMS 0x0000000091600000| PB 0x0000000091600000| Complete |  0
|   5|0x0000000091700000, 0x0000000091800000, 0x0000000091800000|100%|HC|  |TAMS 0x0000000091700000| PB 0x0000000091700000| Complete |  0
|   6|0x0000000091800000, 0x0000000091800000, 0x0000000091900000|  0%| F|  |TAMS 0x0000000091800000| PB 0x0000000091800000| Untracked |  0
|   7|0x0000000091900000, 0x0000000091900000, 0x0000000091a00000|  0%| F|  |TAMS 0x0000000091900000| PB 0x0000000091900000| Untracked |  0
|   8|0x0000000091a00000, 0x0000000091a00000, 0x0000000091b00000|  0%| F|  |TAMS 0x0000000091a00000| PB 0x0000000091a00000| Untracked |  0
|   9|0x0000000091b00000, 0x0000000091b00000, 0x0000000091c00000|  0%| F|  |TAMS 0x0000000091b00000| PB 0x0000000091b00000| Untracked |  0
|  10|0x0000000091c00000, 0x0000000091c00000, 0x0000000091d00000|  0%| F|  |TAMS 0x0000000091c00000| PB 0x0000000091c00000| Untracked |  0
|  11|0x0000000091d00000, 0x0000000091d00000, 0x0000000091e00000|  0%| F|  |TAMS 0x0000000091d00000| PB 0x0000000091d00000| Untracked |  0
|  12|0x0000000091e00000, 0x0000000091e00000, 0x0000000091f00000|  0%| F|  |TAMS 0x0000000091e00000| PB 0x0000000091e00000| Untracked |  0
|  13|0x0000000091f00000, 0x0000000091f00000, 0x0000000092000000|  0%| F|  |TAMS 0x0000000091f00000| PB 0x0000000091f00000| Untracked |  0
|  14|0x0000000092000000, 0x0000000092000000, 0x0000000092100000|  0%| F|  |TAMS 0x0000000092000000| PB 0x0000000092000000| Untracked |  0
|  15|0x0000000092100000, 0x0000000092100000, 0x0000000092200000|  0%| F|  |TAMS 0x0000000092100000| PB 0x0000000092100000| Untracked |  0
|  16|0x0000000092200000, 0x0000000092200000, 0x0000000092300000|  0%| F|  |TAMS 0x0000000092200000| PB 0x0000000092200000| Untracked |  0
|  17|0x0000000092300000, 0x0000000092300000, 0x0000000092400000|  0%| F|  |TAMS 0x0000000092300000| PB 0x0000000092300000| Untracked |  0
|  18|0x0000000092400000, 0x0000000092400000, 0x0000000092500000|  0%| F|  |TAMS 0x0000000092400000| PB 0x0000000092400000| Untracked |  0
|  19|0x0000000092500000, 0x0000000092500000, 0x0000000092600000|  0%| F|  |TAMS 0x0000000092500000| PB 0x0000000092500000| Untracked |  0
|  20|0x0000000092600000, 0x0000000092600000, 0x0000000092700000|  0%| F|  |TAMS 0x0000000092600000| PB 0x0000000092600000| Untracked |  0
|  21|0x0000000092700000, 0x0000000092700000, 0x0000000092800000|  0%| F|  |TAMS 0x0000000092700000| PB 0x0000000092700000| Untracked |  0
|  22|0x0000000092800000, 0x0000000092800000, 0x0000000092900000|  0%| F|  |TAMS 0x0000000092800000| PB 0x0000000092800000| Untracked |  0
|  23|0x0000000092900000, 0x0000000092900000, 0x0000000092a00000|  0%| F|  |TAMS 0x0000000092900000| PB 0x0000000092900000| Untracked |  0
|  24|0x0000000092a00000, 0x0000000092a00000, 0x0000000092b00000|  0%| F|  |TAMS 0x0000000092a00000| PB 0x0000000092a00000| Untracked |  0
|  25|0x0000000092b00000, 0x0000000092b00000, 0x0000000092c00000|  0%| F|  |TAMS 0x0000000092b00000| PB 0x0000000092b00000| Untracked |  0
|  26|0x0000000092c00000, 0x0000000092c00000, 0x0000000092d00000|  0%| F|  |TAMS 0x0000000092c00000| PB 0x0000000092c00000| Untracked |  0
|  27|0x0000000092d00000, 0x0000000092d00000, 0x0000000092e00000|  0%| F|  |TAMS 0x0000000092d00000| PB 0x0000000092d00000| Untracked |  0
|  28|0x0000000092e00000, 0x0000000092e00000, 0x0000000092f00000|  0%| F|  |TAMS 0x0000000092e00000| PB 0x0000000092e00000| Untracked |  0
|  29|0x0000000092f00000, 0x0000000092f00000, 0x0000000093000000|  0%| F|  |TAMS 0x0000000092f00000| PB 0x0000000092f00000| Untracked |  0
|  30|0x0000000093000000, 0x0000000093000000, 0x0000000093100000|  0%| F|  |TAMS 0x0000000093000000| PB 0x0000000093000000| Untracked |  0
|  31|0x0000000093100000, 0x0000000093100000, 0x0000000093200000|  0%| F|  |TAMS 0x0000000093100000| PB 0x0000000093100000| Untracked |  0
|  32|0x0000000093200000, 0x0000000093200000, 0x0000000093300000|  0%| F|  |TAMS 0x0000000093200000| PB 0x0000000093200000| Untracked |  0
|  33|0x0000000093300000, 0x0000000093300000, 0x0000000093400000|  0%| F|  |TAMS 0x0000000093300000| PB 0x0000000093300000| Untracked |  0
|  34|0x0000000093400000, 0x0000000093400000, 0x0000000093500000|  0%| F|  |TAMS 0x0000000093400000| PB 0x0000000093400000| Untracked |  0
|  35|0x0000000093500000, 0x0000000093500000, 0x0000000093600000|  0%| F|  |TAMS 0x0000000093500000| PB 0x0000000093500000| Untracked |  0
|  36|0x0000000093600000, 0x0000000093600000, 0x0000000093700000|  0%| F|  |TAMS 0x0000000093600000| PB 0x0000000093600000| Untracked |  0
|  37|0x0000000093700000, 0x0000000093700000, 0x0000000093800000|  0%| F|  |TAMS 0x0000000093700000| PB 0x0000000093700000| Untracked |  0
|  38|0x0000000093800000, 0x0000000093800000, 0x0000000093900000|  0%| F|  |TAMS 0x0000000093800000| PB 0x0000000093800000| Untracked |  0
|  39|0x0000000093900000, 0x0000000093900000, 0x0000000093a00000|  0%| F|  |TAMS 0x0000000093900000| PB 0x0000000093900000| Untracked |  0
|  40|0x0000000093a00000, 0x0000000093a00000, 0x0000000093b00000|  0%| F|  |TAMS 0x0000000093a00000| PB 0x0000000093a00000| Untracked |  0
|  41|0x0000000093b00000, 0x0000000093b00000, 0x0000000093c00000|  0%| F|  |TAMS 0x0000000093b00000| PB 0x0000000093b00000| Untracked |  0
|  42|0x0000000093c00000, 0x0000000093c00000, 0x0000000093d00000|  0%| F|  |TAMS 0x0000000093c00000| PB 0x0000000093c00000| Untracked |  0
|  43|0x0000000093d00000, 0x0000000093d00000, 0x0000000093e00000|  0%| F|  |TAMS 0x0000000093d00000| PB 0x0000000093d00000| Untracked |  0
|  44|0x0000000093e00000, 0x0000000093e00000, 0x0000000093f00000|  0%| F|  |TAMS 0x0000000093e00000| PB 0x0000000093e00000| Untracked |  0
|  45|0x0000000093f00000, 0x0000000093f00000, 0x0000000094000000|  0%| F|  |TAMS 0x0000000093f00000| PB 0x0000000093f00000| Untracked |  0
|  46|0x0000000094000000, 0x0000000094000000, 0x0000000094100000|  0%| F|  |TAMS 0x0000000094000000| PB 0x0000000094000000| Untracked |  0
|  47|0x0000000094100000, 0x0000000094100000, 0x0000000094200000|  0%| F|  |TAMS 0x0000000094100000| PB 0x0000000094100000| Untracked |  0
|  48|0x0000000094200000, 0x0000000094200000, 0x0000000094300000|  0%| F|  |TAMS 0x0000000094200000| PB 0x0000000094200000| Untracked |  0
|  49|0x0000000094300000, 0x0000000094300000, 0x0000000094400000|  0%| F|  |TAMS 0x0000000094300000| PB 0x0000000094300000| Untracked |  0
|  50|0x0000000094400000, 0x0000000094400000, 0x0000000094500000|  0%| F|  |TAMS 0x0000000094400000| PB 0x0000000094400000| Untracked |  0
|  51|0x0000000094500000, 0x0000000094500000, 0x0000000094600000|  0%| F|  |TAMS 0x0000000094500000| PB 0x0000000094500000| Untracked |  0
|  52|0x0000000094600000, 0x0000000094600000, 0x0000000094700000|  0%| F|  |TAMS 0x0000000094600000| PB 0x0000000094600000| Untracked |  0
|  53|0x0000000094700000, 0x0000000094700000, 0x0000000094800000|  0%| F|  |TAMS 0x0000000094700000| PB 0x0000000094700000| Untracked |  0
|  54|0x0000000094800000, 0x0000000094800000, 0x0000000094900000|  0%| F|  |TAMS 0x0000000094800000| PB 0x0000000094800000| Untracked |  0
|  55|0x0000000094900000, 0x0000000094900000, 0x0000000094a00000|  0%| F|  |TAMS 0x0000000094900000| PB 0x0000000094900000| Untracked |  0
|  56|0x0000000094a00000, 0x0000000094a00000, 0x0000000094b00000|  0%| F|  |TAMS 0x0000000094a00000| PB 0x0000000094a00000| Untracked |  0
|  57|0x0000000094b00000, 0x0000000094b00000, 0x0000000094c00000|  0%| F|  |TAMS 0x0000000094b00000| PB 0x0000000094b00000| Untracked |  0
|  58|0x0000000094c00000, 0x0000000094c00000, 0x0000000094d00000|  0%| F|  |TAMS 0x0000000094c00000| PB 0x0000000094c00000| Untracked |  0
|  59|0x0000000094d00000, 0x0000000094d00000, 0x0000000094e00000|  0%| F|  |TAMS 0x0000000094d00000| PB 0x0000000094d00000| Untracked |  0
|  60|0x0000000094e00000, 0x0000000094e00000, 0x0000000094f00000|  0%| F|  |TAMS 0x0000000094e00000| PB 0x0000000094e00000| Untracked |  0
|  61|0x0000000094f00000, 0x0000000094f00000, 0x0000000095000000|  0%| F|  |TAMS 0x0000000094f00000| PB 0x0000000094f00000| Untracked |  0
|  62|0x0000000095000000, 0x0000000095000000, 0x0000000095100000|  0%| F|  |TAMS 0x0000000095000000| PB 0x0000000095000000| Untracked |  0
|  63|0x0000000095100000, 0x0000000095100000, 0x0000000095200000|  0%| F|  |TAMS 0x0000000095100000| PB 0x0000000095100000| Untracked |  0
|  64|0x0000000095200000, 0x0000000095200000, 0x0000000095300000|  0%| F|  |TAMS 0x0000000095200000| PB 0x0000000095200000| Untracked |  0
|  65|0x0000000095300000, 0x0000000095300000, 0x0000000095400000|  0%| F|  |TAMS 0x0000000095300000| PB 0x0000000095300000| Untracked |  0
|  66|0x0000000095400000, 0x0000000095400000, 0x0000000095500000|  0%| F|  |TAMS 0x0000000095400000| PB 0x0000000095400000| Untracked |  0
|  67|0x0000000095500000, 0x0000000095500000, 0x0000000095600000|  0%| F|  |TAMS 0x0000000095500000| PB 0x0000000095500000| Untracked |  0
|  68|0x0000000095600000, 0x0000000095600000, 0x0000000095700000|  0%| F|  |TAMS 0x0000000095600000| PB 0x0000000095600000| Untracked |  0
|  69|0x0000000095700000, 0x0000000095700000, 0x0000000095800000|  0%| F|  |TAMS 0x0000000095700000| PB 0x0000000095700000| Untracked |  0
|  70|0x0000000095800000, 0x0000000095800000, 0x0000000095900000|  0%| F|  |TAMS 0x0000000095800000| PB 0x0000000095800000| Untracked |  0
|  71|0x0000000095900000, 0x0000000095900000, 0x0000000095a00000|  0%| F|  |TAMS 0x0000000095900000| PB 0x0000000095900000| Untracked |  0
|  72|0x0000000095a00000, 0x0000000095a00000, 0x0000000095b00000|  0%| F|  |TAMS 0x0000000095a00000| PB 0x0000000095a00000| Untracked |  0
|  73|0x0000000095b00000, 0x0000000095b00000, 0x0000000095c00000|  0%| F|  |TAMS 0x0000000095b00000| PB 0x0000000095b00000| Untracked |  0
|  74|0x0000000095c00000, 0x0000000095c00000, 0x0000000095d00000|  0%| F|  |TAMS 0x0000000095c00000| PB 0x0000000095c00000| Untracked |  0
|  75|0x0000000095d00000, 0x0000000095d00000, 0x0000000095e00000|  0%| F|  |TAMS 0x0000000095d00000| PB 0x0000000095d00000| Untracked |  0
|  76|0x0000000095e00000, 0x0000000095e00000, 0x0000000095f00000|  0%| F|  |TAMS 0x0000000095e00000| PB 0x0000000095e00000| Untracked |  0
|  77|0x0000000095f00000, 0x0000000095f00000, 0x0000000096000000|  0%| F|  |TAMS 0x0000000095f00000| PB 0x0000000095f00000| Untracked |  0
|  78|0x0000000096000000, 0x0000000096000000, 0x0000000096100000|  0%| F|  |TAMS 0x0000000096000000| PB 0x0000000096000000| Untracked |  0
|  79|0x0000000096100000, 0x0000000096100000, 0x0000000096200000|  0%| F|  |TAMS 0x0000000096100000| PB 0x0000000096100000| Untracked |  0
|  80|0x0000000096200000, 0x0000000096200000, 0x0000000096300000|  0%| F|  |TAMS 0x0000000096200000| PB 0x0000000096200000| Untracked |  0
|  81|0x0000000096300000, 0x0000000096300000, 0x0000000096400000|  0%| F|  |TAMS 0x0000000096300000| PB 0x0000000096300000| Untracked |  0
|  82|0x0000000096400000, 0x0000000096400000, 0x0000000096500000|  0%| F|  |TAMS 0x0000000096400000| PB 0x0000000096400000| Untracked |  0
|  83|0x0000000096500000, 0x0000000096500000, 0x0000000096600000|  0%| F|  |TAMS 0x0000000096500000| PB 0x0000000096500000| Untracked |  0
|  84|0x0000000096600000, 0x0000000096600000, 0x0000000096700000|  0%| F|  |TAMS 0x0000000096600000| PB 0x0000000096600000| Untracked |  0
|  85|0x0000000096700000, 0x0000000096700000, 0x0000000096800000|  0%| F|  |TAMS 0x0000000096700000| PB 0x0000000096700000| Untracked |  0
|  86|0x0000000096800000, 0x0000000096800000, 0x0000000096900000|  0%| F|  |TAMS 0x0000000096800000| PB 0x0000000096800000| Untracked |  0
|  87|0x0000000096900000, 0x0000000096900000, 0x0000000096a00000|  0%| F|  |TAMS 0x0000000096900000| PB 0x0000000096900000| Untracked |  0
|  88|0x0000000096a00000, 0x0000000096a00000, 0x0000000096b00000|  0%| F|  |TAMS 0x0000000096a00000| PB 0x0000000096a00000| Untracked |  0
|  89|0x0000000096b00000, 0x0000000096b00000, 0x0000000096c00000|  0%| F|  |TAMS 0x0000000096b00000| PB 0x0000000096b00000| Untracked |  0
|  90|0x0000000096c00000, 0x0000000096c00000, 0x0000000096d00000|  0%| F|  |TAMS 0x0000000096c00000| PB 0x0000000096c00000| Untracked |  0
|  91|0x0000000096d00000, 0x0000000096d00000, 0x0000000096e00000|  0%| F|  |TAMS 0x0000000096d00000| PB 0x0000000096d00000| Untracked |  0
|  92|0x0000000096e00000, 0x0000000096e00000, 0x0000000096f00000|  0%| F|  |TAMS 0x0000000096e00000| PB 0x0000000096e00000| Untracked |  0
|  93|0x0000000096f00000, 0x0000000096f00000, 0x0000000097000000|  0%| F|  |TAMS 0x0000000096f00000| PB 0x0000000096f00000| Untracked |  0
|  94|0x0000000097000000, 0x0000000097000000, 0x0000000097100000|  0%| F|  |TAMS 0x0000000097000000| PB 0x0000000097000000| Untracked |  0
|  95|0x0000000097100000, 0x0000000097100000, 0x0000000097200000|  0%| F|  |TAMS 0x0000000097100000| PB 0x0000000097100000| Untracked |  0
|  96|0x0000000097200000, 0x0000000097200000, 0x0000000097300000|  0%| F|  |TAMS 0x0000000097200000| PB 0x0000000097200000| Untracked |  0
|  97|0x0000000097300000, 0x0000000097300000, 0x0000000097400000|  0%| F|  |TAMS 0x0000000097300000| PB 0x0000000097300000| Untracked |  0
|  98|0x0000000097400000, 0x0000000097400000, 0x0000000097500000|  0%| F|  |TAMS 0x0000000097400000| PB 0x0000000097400000| Untracked |  0
|  99|0x0000000097500000, 0x0000000097500000, 0x0000000097600000|  0%| F|  |TAMS 0x0000000097500000| PB 0x0000000097500000| Untracked |  0
| 100|0x0000000097600000, 0x0000000097600000, 0x0000000097700000|  0%| F|  |TAMS 0x0000000097600000| PB 0x0000000097600000| Untracked |  0
| 101|0x0000000097700000, 0x00000000977d7198, 0x0000000097800000| 84%| E|  |TAMS 0x0000000097700000| PB 0x0000000097700000| Complete |  0
| 102|0x0000000097800000, 0x0000000097900000, 0x0000000097900000|100%| E|CS|TAMS 0x0000000097800000| PB 0x0000000097800000| Complete |  0
| 103|0x0000000097900000, 0x0000000097a00000, 0x0000000097a00000|100%| E|CS|TAMS 0x0000000097900000| PB 0x0000000097900000| Complete |  0
| 104|0x0000000097a00000, 0x0000000097b00000, 0x0000000097b00000|100%| E|CS|TAMS 0x0000000097a00000| PB 0x0000000097a00000| Complete |  0
| 105|0x0000000097b00000, 0x0000000097c00000, 0x0000000097c00000|100%| E|CS|TAMS 0x0000000097b00000| PB 0x0000000097b00000| Complete |  0
| 106|0x0000000097c00000, 0x0000000097d00000, 0x0000000097d00000|100%| E|CS|TAMS 0x0000000097c00000| PB 0x0000000097c00000| Complete |  0
| 107|0x0000000097d00000, 0x0000000097e00000, 0x0000000097e00000|100%| E|CS|TAMS 0x0000000097d00000| PB 0x0000000097d00000| Complete |  0
| 108|0x0000000097e00000, 0x0000000097f00000, 0x0000000097f00000|100%| E|CS|TAMS 0x0000000097e00000| PB 0x0000000097e00000| Complete |  0
| 109|0x0000000097f00000, 0x0000000098000000, 0x0000000098000000|100%| E|CS|TAMS 0x0000000097f00000| PB 0x0000000097f00000| Complete |  0
| 110|0x0000000098000000, 0x0000000098100000, 0x0000000098100000|100%| E|CS|TAMS 0x0000000098000000| PB 0x0000000098000000| Complete |  0
| 111|0x0000000098100000, 0x0000000098200000, 0x0000000098200000|100%| E|CS|TAMS 0x0000000098100000| PB 0x0000000098100000| Complete |  0

Card table byte_map: [0x000001a8ce4a0000,0x000001a8ce820000] _byte_map_base: 0x000001a8ce017000

Marking Bits: (CMBitMap*) 0x000001a8b6a33fb0
 Bits: [0x000001a8ce820000, 0x000001a8d03d8000)

Polling page: 0x000001a8b4710000

Metaspace:

Usage:
  Non-class:      7.46 MB used.
      Class:    999.86 KB used.
       Both:      8.44 MB used.

Virtual space:
  Non-class space:       64.00 MB reserved,       7.56 MB ( 12%) committed,  1 nodes.
      Class space:        1.00 GB reserved,       1.06 MB ( <1%) committed,  1 nodes.
             Both:        1.06 GB reserved,       8.62 MB ( <1%) committed. 

Chunk freelists:
   Non-Class:  8.48 MB
       Class:  14.75 MB
        Both:  23.23 MB

MaxMetaspaceSize: unlimited
CompressedClassSpaceSize: 1.00 GB
Initial GC threshold: 21.00 MB
Current GC threshold: 21.00 MB
CDS: on
 - commit_granule_bytes: 65536.
 - commit_granule_words: 8192.
 - virtual_space_node_default_size: 8388608.
 - enlarge_chunks_in_place: 1.
 - use_allocation_guard: 0.


Internal statistics:

num_allocs_failed_limit: 0.
num_arena_births: 166.
num_arena_deaths: 0.
num_vsnodes_births: 2.
num_vsnodes_deaths: 0.
num_space_committed: 138.
num_space_uncommitted: 0.
num_chunks_returned_to_freelist: 0.
num_chunks_taken_from_freelist: 216.
num_chunk_merges: 0.
num_chunk_splits: 126.
num_chunks_enlarged: 49.
num_inconsistent_stats: 0.

CodeHeap 'non-profiled nmethods': size=120064Kb used=305Kb max_used=305Kb free=119758Kb
 bounds [0x000001a8c6be0000, 0x000001a8c6e50000, 0x000001a8ce120000]
CodeHeap 'profiled nmethods': size=120000Kb used=1195Kb max_used=1195Kb free=118804Kb
 bounds [0x000001a8bf120000, 0x000001a8bf390000, 0x000001a8c6650000]
CodeHeap 'non-nmethods': size=5696Kb used=1566Kb max_used=1587Kb free=4129Kb
 bounds [0x000001a8c6650000, 0x000001a8c68c0000, 0x000001a8c6be0000]
CodeCache: size=245760Kb, used=3066Kb, max_used=3087Kb, free=242691Kb
 total_blobs=1725, nmethods=1077, adapters=555, full_count=0
Compilation: enabled, stopped_count=0, restarted_count=0

Compilation events (20 events):
Event: 6384.356 Thread 0x000001a8d29aaf80 1068  s    3       java.awt.Toolkit::getDefaultToolkit (53 bytes)
Event: 6384.360 Thread 0x000001a8d29aaf80 nmethod 1068 0x000001a8bf244208 code [0x000001a8bf2444c0, 0x000001a8bf245708]
Event: 6387.569 Thread 0x000001a8d29aaf80 1069       1       javax.swing.text.JTextComponent::getDocument (5 bytes)
Event: 6387.570 Thread 0x000001a8d29aaf80 nmethod 1069 0x000001a8c6c2c308 code [0x000001a8c6c2c420, 0x000001a8c6c2c4f0]
Event: 6387.570 Thread 0x000001a8d29aaf80 1070       3       javax.swing.text.View::getContainer (18 bytes)
Event: 6387.571 Thread 0x000001a8d29aaf80 nmethod 1070 0x000001a8bf245788 code [0x000001a8bf2458c0, 0x000001a8bf245b98]
Event: 6387.571 Thread 0x000001a8d29aaf80 1071       3       javax.swing.plaf.basic.BasicTextUI$RootView::getContainer (8 bytes)
Event: 6387.572 Thread 0x000001a8d29aaf80 nmethod 1071 0x000001a8bf245c08 code [0x000001a8bf245d20, 0x000001a8bf245e38]
Event: 6387.574 Thread 0x000001a8d29aaf80 1072  s    3       java.awt.KeyboardFocusManager::getCurrentKeyboardFocusManager (32 bytes)
Event: 6387.575 Thread 0x000001a8d29aaf80 nmethod 1072 0x000001a8bf245f08 code [0x000001a8bf246060, 0x000001a8bf2464f0]
Event: 6387.576 Thread 0x000001a8d29aaf80 1073       3       java.awt.KeyboardFocusManager::getCurrentKeyboardFocusManager (7 bytes)
Event: 6387.578 Thread 0x000001a8d29aaf80 nmethod 1073 0x000001a8bf246508 code [0x000001a8bf246680, 0x000001a8bf246bd0]
Event: 6387.578 Thread 0x000001a8d29aaf80 1074       3       javax.swing.text.PlainView::updateMetrics (121 bytes)
Event: 6387.588 Thread 0x000001a8d29aaf80 nmethod 1074 0x000001a8bf246c08 code [0x000001a8bf246f00, 0x000001a8bf248b00]
Event: 6387.588 Thread 0x000001a8d29aaf80 1075       3       sun.java2d.SunGraphics2D::setRenderingHint (543 bytes)
Event: 6387.601 Thread 0x000001a8d29aaf80 nmethod 1075 0x000001a8bf248c08 code [0x000001a8bf248e80, 0x000001a8bf24a3b8]
Event: 6387.601 Thread 0x000001a8d29aaf80 1076       3       java.awt.Rectangle::getBounds (24 bytes)
Event: 6387.602 Thread 0x000001a8d29aaf80 nmethod 1076 0x000001a8bf24a488 code [0x000001a8bf24a5c0, 0x000001a8bf24a8e0]
Event: 6401.397 Thread 0x000001a8d29aaf80 1077       3       sun.java2d.d3d.D3DSurfaceData$D3DWindowSurfaceData::isDirty (18 bytes)
Event: 6401.397 Thread 0x000001a8d29aaf80 nmethod 1077 0x000001a8bf24a988 code [0x000001a8bf24aac0, 0x000001a8bf24ace0]

GC Heap History (0 events):
No events

Dll operation events (13 events):
Event: 0.050 Loaded shared library C:\java\bin\java.dll
Event: 0.214 Loaded shared library C:\java\bin\jsvml.dll
Event: 0.461 Loaded shared library C:\java\bin\zip.dll
Event: 0.476 Loaded shared library C:\java\bin\instrument.dll
Event: 0.495 Loaded shared library C:\java\bin\net.dll
Event: 0.501 Loaded shared library C:\java\bin\nio.dll
Event: 0.524 Loaded shared library C:\java\bin\zip.dll
Event: 0.576 Loaded shared library C:\Program Files\JetBrains\IntelliJ IDEA Community Edition 2024.1\bin\breakgen64.dll
Event: 0.614 Loaded shared library C:\java\bin\extnet.dll
Event: 0.636 Loaded shared library C:\java\bin\jimage.dll
Event: 0.700 Loaded shared library C:\java\bin\awt.dll
Event: 1.620 Loaded shared library C:\java\bin\freetype.dll
Event: 1.624 Loaded shared library C:\java\bin\fontmanager.dll

Deoptimization events (20 events):
Event: 583.165 Thread 0x000001a8d2bcef20 DEOPT PACKING pc=0x000001a8c6c22434 sp=0x00000017135ff0a0
Event: 583.165 Thread 0x000001a8d2bcef20 DEOPT UNPACKING pc=0x000001a8c66a4402 sp=0x00000017135ff060 mode 2
Event: 5551.748 Thread 0x000001a8d2bcef20 Uncommon trap: trap_request=0xffffff45 fr.pc=0x000001a8c6c239e4 relative=0x0000000000000064
Event: 5551.749 Thread 0x000001a8d2bcef20 Uncommon trap: reason=unstable_if action=reinterpret pc=0x000001a8c6c239e4 method=sun.java2d.StateTrackableDelegate$1.isCurrent()Z @ 8 c2
Event: 5551.749 Thread 0x000001a8d2bcef20 DEOPT PACKING pc=0x000001a8c6c239e4 sp=0x00000017135ff020
Event: 5551.749 Thread 0x000001a8d2bcef20 DEOPT UNPACKING pc=0x000001a8c66a4402 sp=0x00000017135fefb0 mode 2
Event: 5638.927 Thread 0x000001a8d2bcef20 Uncommon trap: trap_request=0xffffff45 fr.pc=0x000001a8c6c22d50 relative=0x0000000000000330
Event: 5638.927 Thread 0x000001a8d2bcef20 Uncommon trap: reason=unstable_if action=reinterpret pc=0x000001a8c6c22d50 method=java.util.ArrayList.toArray([Ljava/lang/Object;)[Ljava/lang/Object; @ 6 c2
Event: 5638.927 Thread 0x000001a8d2bcef20 DEOPT PACKING pc=0x000001a8c6c22d50 sp=0x00000017135fefd0
Event: 5638.928 Thread 0x000001a8d2bcef20 DEOPT UNPACKING pc=0x000001a8c66a4402 sp=0x00000017135fefa8 mode 2
Event: 6386.247 Thread 0x000001a8d2bcef20 DEOPT PACKING pc=0x000001a8bf2264e7 sp=0x00000017135ff050
Event: 6386.247 Thread 0x000001a8d2bcef20 DEOPT UNPACKING pc=0x000001a8c66a4b22 sp=0x00000017135fe5e0 mode 0
Event: 6387.600 Thread 0x000001a8d2bcef20 Uncommon trap: trap_request=0xffffff45 fr.pc=0x000001a8c6c227a8 relative=0x0000000000000088
Event: 6387.600 Thread 0x000001a8d2bcef20 Uncommon trap: reason=unstable_if action=reinterpret pc=0x000001a8c6c227a8 method=sun.java2d.StateTrackableDelegate$1.isCurrent()Z @ 8 c2
Event: 6387.600 Thread 0x000001a8d2bcef20 DEOPT PACKING pc=0x000001a8c6c227a8 sp=0x00000017135ff0d0
Event: 6387.600 Thread 0x000001a8d2bcef20 DEOPT UNPACKING pc=0x000001a8c66a4402 sp=0x00000017135ff008 mode 2
Event: 6466.467 Thread 0x000001a8d2bcef20 Uncommon trap: trap_request=0xffffff45 fr.pc=0x000001a8c6c24988 relative=0x00000000000008c8
Event: 6466.467 Thread 0x000001a8d2bcef20 Uncommon trap: reason=unstable_if action=reinterpret pc=0x000001a8c6c24988 method=sun.java2d.StateTrackableDelegate$1.isCurrent()Z @ 8 c2
Event: 6466.467 Thread 0x000001a8d2bcef20 DEOPT PACKING pc=0x000001a8c6c24988 sp=0x00000017135ff150
Event: 6466.467 Thread 0x000001a8d2bcef20 DEOPT UNPACKING pc=0x000001a8c66a4402 sp=0x00000017135ff020 mode 2

Classes loaded (20 events):
Event: 5638.769 Loading class java/awt/image/RenderedImage
Event: 5638.769 Loading class java/awt/image/RenderedImage done
Event: 5638.769 Loading class java/awt/image/WritableRenderedImage done
Event: 5638.769 Loading class java/awt/image/BufferedImage done
Event: 5638.770 Loading class java/awt/image/BufferedImage$1
Event: 5638.771 Loading class java/awt/image/BufferedImage$1 done
Event: 5638.771 Loading class sun/awt/image/BufImgSurfaceData
Event: 5638.772 Loading class sun/awt/image/BufImgSurfaceData done
Event: 5638.773 Loading class sun/awt/image/BufImgSurfaceData$ICMColorData
Event: 5638.773 Loading class sun/awt/image/BufImgSurfaceData$ICMColorData done
Event: 5638.775 Loading class sun/java2d/loops/RenderLoops
Event: 5638.775 Loading class sun/java2d/loops/RenderLoops done
Event: 5638.784 Loading class sun/java2d/loops/DrawGlyphListColor
Event: 5638.784 Loading class sun/java2d/loops/DrawGlyphListColor done
Event: 5638.786 Loading class sun/java2d/loops/DrawGlyphListColor$General
Event: 5638.786 Loading class sun/java2d/loops/DrawGlyphListColor$General done
Event: 5638.787 Loading class sun/java2d/loops/Blit$GeneralMaskBlit
Event: 5638.788 Loading class sun/java2d/loops/Blit$GeneralMaskBlit done
Event: 5641.322 Loading class sun/awt/image/BufferedImageDevice
Event: 5641.322 Loading class sun/awt/image/BufferedImageDevice done

Classes unloaded (0 events):
No events

Classes redefined (0 events):
No events

Internal exceptions (12 events):
Event: 0.561 Thread 0x000001a8b47606f0 Exception <a 'java/lang/NoSuchMethodError'{0x0000000097f71d98}: 'java.lang.Object java.lang.invoke.Invokers$Holder.invokeExact_MT(java.lang.Object, java.lang.Object, java.lang.Object, java.lang.Object, java.lang.Object)'> (0x0000000097f71d98) 
thrown [s\open\src\hotspot\share\interpreter\linkResolver.cpp, line 796]
Event: 0.621 Thread 0x000001a8d2c21ff0 Exception <a 'java/lang/NoSuchMethodError'{0x0000000097f9a9f8}: 'void java.lang.invoke.DirectMethodHandle$Holder.invokeStatic(java.lang.Object, java.lang.Object)'> (0x0000000097f9a9f8) 
thrown [s\open\src\hotspot\share\interpreter\linkResolver.cpp, line 796]
Event: 0.662 Thread 0x000001a8b47606f0 Exception <a 'java/lang/ClassNotFoundException'{0x0000000097fe0218}: sun/awt/resources/spi/awtProvider> (0x0000000097fe0218) 
thrown [s\open\src\hotspot\share\classfile\systemDictionary.cpp, line 313]
Event: 0.734 Thread 0x000001a8b47606f0 Exception <a 'java/io/FileNotFoundException'{0x0000000097e303d8}> (0x0000000097e303d8) 
thrown [s\open\src\hotspot\share\prims\jni.cpp, line 520]
Event: 0.759 Thread 0x000001a8b47606f0 Exception <a 'java/io/FileNotFoundException'{0x0000000097e5e650}> (0x0000000097e5e650) 
thrown [s\open\src\hotspot\share\prims\jni.cpp, line 520]
Event: 1.246 Thread 0x000001a8b47606f0 Exception <a 'java/lang/NoSuchMethodError'{0x0000000097d5efc0}: 'void java.lang.invoke.DirectMethodHandle$Holder.invokeSpecial(java.lang.Object, java.lang.Object, java.lang.Object)'> (0x0000000097d5efc0) 
thrown [s\open\src\hotspot\share\interpreter\linkResolver.cpp, line 796]
Event: 1.305 Thread 0x000001a8b47606f0 Exception <a 'java/lang/NoSuchMethodError'{0x0000000097dae860}: 'java.lang.Object java.lang.invoke.DirectMethodHandle$Holder.invokeStatic(java.lang.Object, int, java.lang.Object)'> (0x0000000097dae860) 
thrown [s\open\src\hotspot\share\interpreter\linkResolver.cpp, line 796]
Event: 1.412 Thread 0x000001a8b47606f0 Exception <a 'java/lang/ClassNotFoundException'{0x0000000097c55a58}: com/sun/swing/internal/plaf/metal/resources/spi/metalProvider> (0x0000000097c55a58) 
thrown [s\open\src\hotspot\share\classfile\systemDictionary.cpp, line 313]
Event: 1.417 Thread 0x000001a8b47606f0 Exception <a 'java/lang/ClassNotFoundException'{0x0000000097c59a68}: com/sun/swing/internal/plaf/basic/resources/spi/basicProvider> (0x0000000097c59a68) 
thrown [s\open\src\hotspot\share\classfile\systemDictionary.cpp, line 313]
Event: 1.455 Thread 0x000001a8b47606f0 Exception <a 'java/lang/NoSuchMethodError'{0x0000000097c76268}: 'int java.lang.invoke.Invokers$Holder.invokeExact_MT(java.lang.Object, java.lang.Object)'> (0x0000000097c76268) 
thrown [s\open\src\hotspot\share\interpreter\linkResolver.cpp, line 796]
Event: 1.940 Thread 0x000001a8b47606f0 Exception <a 'java/lang/NoSuchMethodError'{0x0000000097a17d70}: 'void java.lang.invoke.DirectMethodHandle$Holder.invokeStaticInit(java.lang.Object)'> (0x0000000097a17d70) 
thrown [s\open\src\hotspot\share\interpreter\linkResolver.cpp, line 796]
Event: 2.092 Thread 0x000001a8d2d1a4c0 Exception <a 'java/lang/NoSuchMethodError'{0x0000000097d0ebb8}: 'void java.lang.invoke.DirectMethodHandle$Holder.invokeVirtual(java.lang.Object, java.lang.Object)'> (0x0000000097d0ebb8) 
thrown [s\open\src\hotspot\share\interpreter\linkResolver.cpp, line 796]

VM Operations (20 events):
Event: 0.815 Executing VM operation: HandshakeAllThreads (Deoptimize)
Event: 0.815 Executing VM operation: HandshakeAllThreads (Deoptimize) done
Event: 1.475 Executing VM operation: HandshakeAllThreads (Deoptimize)
Event: 1.476 Executing VM operation: HandshakeAllThreads (Deoptimize) done
Event: 1.587 Executing VM operation: HandshakeAllThreads (Deoptimize)
Event: 1.588 Executing VM operation: HandshakeAllThreads (Deoptimize) done
Event: 2.205 Executing VM operation: HandshakeAllThreads (Deoptimize)
Event: 2.205 Executing VM operation: HandshakeAllThreads (Deoptimize) done
Event: 60.194 Executing VM operation: HandshakeAllThreads (HandshakeForDeflation)
Event: 60.195 Executing VM operation: HandshakeAllThreads (HandshakeForDeflation) done
Event: 60.195 Executing VM operation: RendezvousGCThreads
Event: 60.195 Executing VM operation: RendezvousGCThreads done
Event: 4569.172 Executing VM operation: HandshakeAllThreads (HandshakeForDeflation)
Event: 4569.187 Executing VM operation: HandshakeAllThreads (HandshakeForDeflation) done
Event: 4569.187 Executing VM operation: RendezvousGCThreads
Event: 4569.187 Executing VM operation: RendezvousGCThreads done
Event: 5590.525 Executing VM operation: HandshakeAllThreads (HandshakeForDeflation)
Event: 5590.525 Executing VM operation: HandshakeAllThreads (HandshakeForDeflation) done
Event: 5590.525 Executing VM operation: RendezvousGCThreads
Event: 5590.525 Executing VM operation: RendezvousGCThreads done

Memory protections (0 events):
No events

Nmethod flushes (0 events):
No events

Events (20 events):
Event: 0.103 Thread 0x000001a8b47606f0 Thread added: 0x000001a8b47606f0
Event: 0.205 Thread 0x000001a8b47606f0 Thread added: 0x000001a8d299ca20
Event: 0.205 Thread 0x000001a8b47606f0 Thread added: 0x000001a8d299d290
Event: 0.207 Thread 0x000001a8b47606f0 Thread added: 0x000001a8d29a0920
Event: 0.208 Thread 0x000001a8b47606f0 Thread added: 0x000001a8d29a0f90
Event: 0.208 Thread 0x000001a8b47606f0 Thread added: 0x000001a8d29a3610
Event: 0.209 Thread 0x000001a8b47606f0 Thread added: 0x000001a8d29a7f10
Event: 0.209 Thread 0x000001a8b47606f0 Thread added: 0x000001a8d29a88b0
Event: 0.211 Thread 0x000001a8b47606f0 Thread added: 0x000001a8d29aaf80
Event: 0.344 Thread 0x000001a8b47606f0 Thread added: 0x000001a8d2a83140
Event: 0.578 Thread 0x000001a8b47606f0 Thread added: 0x000001a8d2c21ff0
Event: 0.579 Thread 0x000001a8b47606f0 Thread added: 0x000001a8d2c24ba0
Event: 0.989 Thread 0x000001a8b47606f0 Thread added: 0x000001a8d2d0fa40
Event: 0.994 Thread 0x000001a8b47606f0 Thread added: 0x000001a8d2d13ce0
Event: 0.999 Thread 0x000001a8b47606f0 Thread added: 0x000001a8d2d1a4c0
Event: 1.840 Thread 0x000001a8b47606f0 Thread added: 0x000001a918e9da50
Event: 2.099 Thread 0x000001a8b47606f0 Thread exited: 0x000001a8b47606f0
Event: 2.099 Thread 0x000001a8b47606f0 Thread added: 0x000001a8b47606f0
Event: 2.115 Thread 0x000001a918e9da50 Thread added: 0x000001a8d2bcef20
Event: 2.244 Thread 0x000001a918e9da50 Thread added: 0x000001a918f66650


Dynamic libraries:
0x00007ff79b9a0000 - 0x00007ff79b9b0000 	C:\java\bin\java.exe
0x00007ffac95d0000 - 0x00007ffac97c8000 	C:\Windows\SYSTEM32\ntdll.dll
0x00007ffaa2670000 - 0x00007ffaa2691000 	C:\Program Files\AVG\Antivirus\aswhook.dll
0x00007ffac8c00000 - 0x00007ffac8cc2000 	C:\Windows\System32\KERNEL32.DLL
0x00007ffac70f0000 - 0x00007ffac73e6000 	C:\Windows\System32\KERNELBASE.dll
0x00007ffac6e40000 - 0x00007ffac6f40000 	C:\Windows\System32\ucrtbase.dll
0x00007ffaba2e0000 - 0x00007ffaba2f7000 	C:\java\bin\jli.dll
0x00007ffac8d90000 - 0x00007ffac8f31000 	C:\Windows\System32\USER32.dll
0x00007ffac6c90000 - 0x00007ffac6cb2000 	C:\Windows\System32\win32u.dll
0x00007ffac9440000 - 0x00007ffac946b000 	C:\Windows\System32\GDI32.dll
0x00007ffab9200000 - 0x00007ffab921b000 	C:\java\bin\VCRUNTIME140.dll
0x00007ffac6fd0000 - 0x00007ffac70e9000 	C:\Windows\System32\gdi32full.dll
0x00007ffac73f0000 - 0x00007ffac748d000 	C:\Windows\System32\msvcp_win.dll
0x00007ffab5ce0000 - 0x00007ffab5f7b000 	C:\Windows\WinSxS\amd64_microsoft.windows.common-controls_6595b64144ccf1df_6.0.19041.6456_none_60b8a6cb71f64256\COMCTL32.dll
0x00007ffac8960000 - 0x00007ffac89fe000 	C:\Windows\System32\msvcrt.dll
0x00007ffac8f40000 - 0x00007ffac8f6f000 	C:\Windows\System32\IMM32.DLL
0x00007ffac3e90000 - 0x00007ffac3e9c000 	C:\java\bin\vcruntime140_1.dll
0x00007ffaa5f10000 - 0x00007ffaa5f9e000 	C:\java\bin\msvcp140.dll
0x00007ffa76920000 - 0x00007ffa7766f000 	C:\java\bin\server\jvm.dll
0x00007ffac7dd0000 - 0x00007ffac7e81000 	C:\Windows\System32\ADVAPI32.dll
0x00007ffac8f80000 - 0x00007ffac901f000 	C:\Windows\System32\sechost.dll
0x00007ffac9470000 - 0x00007ffac9590000 	C:\Windows\System32\RPCRT4.dll
0x00007ffac6c60000 - 0x00007ffac6c87000 	C:\Windows\System32\bcrypt.dll
0x00007ffac9220000 - 0x00007ffac928b000 	C:\Windows\System32\WS2_32.dll
0x00007ffac6a10000 - 0x00007ffac6a5b000 	C:\Windows\SYSTEM32\POWRPROF.dll
0x00007ffabd090000 - 0x00007ffabd0b7000 	C:\Windows\SYSTEM32\WINMM.dll
0x00007ffabf2b0000 - 0x00007ffabf2ba000 	C:\Windows\SYSTEM32\VERSION.dll
0x00007ffac69f0000 - 0x00007ffac6a02000 	C:\Windows\SYSTEM32\UMPDC.dll
0x00007ffac4ad0000 - 0x00007ffac4ae2000 	C:\Windows\SYSTEM32\kernel.appcore.dll
0x00007ffab9b00000 - 0x00007ffab9b0a000 	C:\java\bin\jimage.dll
0x00007ffabde20000 - 0x00007ffabe021000 	C:\Windows\SYSTEM32\DBGHELP.DLL
0x00007ffabdde0000 - 0x00007ffabde14000 	C:\Windows\SYSTEM32\dbgcore.DLL
0x00007ffac6f40000 - 0x00007ffac6fc2000 	C:\Windows\System32\bcryptPrimitives.dll
0x00007ffab9340000 - 0x00007ffab934f000 	C:\java\bin\instrument.dll
0x00007ffab2670000 - 0x00007ffab268e000 	C:\java\bin\java.dll
0x00007ffac90f0000 - 0x00007ffac921b000 	C:\Windows\System32\ole32.dll
0x00007ffac7e90000 - 0x00007ffac81e4000 	C:\Windows\System32\combase.dll
0x00007ffac81f0000 - 0x00007ffac8960000 	C:\Windows\System32\SHELL32.dll
0x00007ffac4cd0000 - 0x00007ffac5475000 	C:\Windows\SYSTEM32\windows.storage.dll
0x00007ffac6620000 - 0x00007ffac664b000 	C:\Windows\SYSTEM32\Wldp.dll
0x00007ffac8a00000 - 0x00007ffac8acd000 	C:\Windows\System32\OLEAUT32.dll
0x00007ffac9390000 - 0x00007ffac943d000 	C:\Windows\System32\SHCORE.dll
0x00007ffac9330000 - 0x00007ffac938b000 	C:\Windows\System32\shlwapi.dll
0x00007ffac6b90000 - 0x00007ffac6bb4000 	C:\Windows\SYSTEM32\profapi.dll
0x00007ffa864d0000 - 0x00007ffa865a7000 	C:\java\bin\jsvml.dll
0x00007ffab2470000 - 0x00007ffab2487000 	C:\java\bin\zip.dll
0x00007ffab8890000 - 0x00007ffab88a0000 	C:\java\bin\net.dll
0x00007ffac6310000 - 0x00007ffac637a000 	C:\Windows\system32\mswsock.dll
0x00007ffab2110000 - 0x00007ffab2126000 	C:\java\bin\nio.dll
0x00007ffa9b7a0000 - 0x00007ffa9b7ba000 	C:\Program Files\JetBrains\IntelliJ IDEA Community Edition 2024.1\bin\breakgen64.dll
0x00007ffab34f0000 - 0x00007ffab34f9000 	C:\java\bin\extnet.dll
0x00007ffa76460000 - 0x00007ffa765ee000 	C:\java\bin\awt.dll
0x00007ffac3190000 - 0x00007ffac3224000 	C:\Windows\SYSTEM32\apphelp.dll
0x00007ffac46f0000 - 0x00007ffac471e000 	C:\Windows\system32\DWMAPI.DLL
0x00007ffac4560000 - 0x00007ffac45fe000 	C:\Windows\system32\uxtheme.dll
0x00007ffa866c0000 - 0x00007ffa867e8000 	C:\Windows\system32\opengl32.dll
0x00007ffaac880000 - 0x00007ffaac8ac000 	C:\Windows\SYSTEM32\GLU32.dll
0x00007ffac8ae0000 - 0x00007ffac8bf5000 	C:\Windows\System32\MSCTF.dll
0x00007ffabd2a0000 - 0x00007ffabd2db000 	C:\Windows\SYSTEM32\dxcore.dll
0x00007ffac6d40000 - 0x00007ffac6d8e000 	C:\Windows\System32\cfgmgr32.dll
0x00007ffa86440000 - 0x00007ffa864c7000 	C:\java\bin\freetype.dll
0x00007ffa86030000 - 0x00007ffa86107000 	C:\java\bin\fontmanager.dll
0x00007ffac9040000 - 0x00007ffac90e9000 	C:\Windows\System32\clbcatq.dll
0x00007ffac4300000 - 0x00007ffac44b6000 	C:\Windows\SYSTEM32\WindowsCodecs.dll
0x00007ffaa2fb0000 - 0x00007ffaa2fee000 	C:\Windows\system32\dataexchange.dll
0x00007ffac1720000 - 0x00007ffac1984000 	C:\Windows\system32\d3d11.dll
0x00007ffac21c0000 - 0x00007ffac23a4000 	C:\Windows\system32\dcomp.dll
0x00007ffac54e0000 - 0x00007ffac55d6000 	C:\Windows\system32\dxgi.dll
0x00007ffac0760000 - 0x00007ffac0963000 	C:\Windows\system32\twinapi.appcore.dll
0x00007ffabb030000 - 0x00007ffabb129000 	C:\Windows\SYSTEM32\textinputframework.dll
0x00007ffac2880000 - 0x00007ffac2bdb000 	C:\Windows\System32\CoreUIComponents.dll
0x00007ffac2c10000 - 0x00007ffac2d02000 	C:\Windows\System32\CoreMessaging.dll
0x00007ffac5e80000 - 0x00007ffac5eb3000 	C:\Windows\SYSTEM32\ntmarta.dll
0x00007ffac3bb0000 - 0x00007ffac3d07000 	C:\Windows\SYSTEM32\wintypes.dll
0x00007ffab6550000 - 0x00007ffab65fc000 	C:\Windows\SYSTEM32\TextShaping.dll

dbghelp: loaded successfully - version: 4.0.5 - missing functions: none
symbol engine: initialized successfully - sym options: 0x614 - pdb path: .;C:\java\bin;C:\Windows\SYSTEM32;C:\Program Files\AVG\Antivirus;C:\Windows\WinSxS\amd64_microsoft.windows.common-controls_6595b64144ccf1df_6.0.19041.6456_none_60b8a6cb71f64256;C:\java\bin\server;C:\Program Files\JetBrains\IntelliJ IDEA Community Edition 2024.1\bin;C:\Windows\System32\DriverStore\FileRepository\u0360470.inf_amd64_35c64671e7fac064\B360357

VM Arguments:
jvm_args: --enable-preview -javaagent:C:\Program Files\JetBrains\IntelliJ IDEA Community Edition 2024.1\lib\idea_rt.jar=61470:C:\Program Files\JetBrains\IntelliJ IDEA Community Edition 2024.1\bin -Dfile.encoding=UTF-8 -Dsun.stdout.encoding=UTF-8 -Dsun.stderr.encoding=UTF-8 
java_command: ScrumTracker
java_class_path (initial): C:\project\Civilization\Presntation four\out\production\Presntation four;C:\Users\AMD A6\.m2\repository\com\mysql\mysql-connector-j\9.2.0\mysql-connector-j-9.2.0.jar;C:\Users\AMD A6\.m2\repository\com\google\protobuf\protobuf-java\4.29.0\protobuf-java-4.29.0.jar;C:\Users\AMD A6\Downloads\openjfx-24.0.1_windows-x64_bin-sdk.zip;C:\Users\AMD A6\IdeaProjects\WeatherDataOne\lib\openjfx-23.0.1_windows-x64_bin-sdk (2).zip
Launcher Type: SUN_STANDARD

[Global flags]
     intx CICompilerCount                          = 3                                         {product} {ergonomic}
     uint ConcGCThreads                            = 1                                         {product} {ergonomic}
     uint G1ConcRefinementThreads                  = 4                                         {product} {ergonomic}
   size_t G1HeapRegionSize                         = 1048576                                   {product} {ergonomic}
   size_t InitialHeapSize                          = 117440512                                 {product} {ergonomic}
   size_t MarkStackSize                            = 4194304                                   {product} {ergonomic}
   size_t MarkStackSizeMax                         = 536870912                                 {product} {ergonomic}
   size_t MaxHeapSize                              = 1860173824                                {product} {ergonomic}
   size_t MaxNewSize                               = 1115684864                                {product} {ergonomic}
   size_t MinHeapDeltaBytes                        = 1048576                                   {product} {ergonomic}
   size_t MinHeapSize                              = 8388608                                   {product} {ergonomic}
    uintx NonNMethodCodeHeapSize                   = 5832704                                {pd product} {ergonomic}
    uintx NonProfiledCodeHeapSize                  = 122945536                              {pd product} {ergonomic}
    uintx ProfiledCodeHeapSize                     = 122880000                              {pd product} {ergonomic}
    uintx ReservedCodeCacheSize                    = 251658240                              {pd product} {ergonomic}
     bool SegmentedCodeCache                       = true                                      {product} {ergonomic}
   size_t SoftMaxHeapSize                          = 1860173824                             {manageable} {ergonomic}
     bool UseCompressedOops                        = true                           {product lp64_product} {ergonomic}
     bool UseG1GC                                  = true                                      {product} {ergonomic}
     bool UseLargePagesIndividualAllocation        = false                                  {pd product} {ergonomic}

Logging:
Log output configuration:
 #0: stdout all=warning uptime,level,tags foldmultilines=false
 #1: stderr all=off uptime,level,tags foldmultilines=false

Environment Variables:
JAVA_HOME=C:\Program Files\Java\jdk-21
PATH=C:\Program Files\Eclipse Adoptium\jdk-21.0.9.10-hotspot\bin;C:\Program Files\Common Files\Oracle\Java\javapath;C:\Program Files (x86)\Common Files\Oracle\Java\java8path;C:\Program Files (x86)\Common Files\Oracle\Java\javapath;C:\Windows\system32;C:\Windows;C:\Windows\System32\Wbem;C:\Windows\System32\WindowsPowerShell\v1.0\;C:\Windows\System32\OpenSSH\;C:\Program Files\Java\jdk-21\bin;C:\Program Files\MySQL\MySQL Utilities 1.6\;C:\Program Files (x86)\Microsoft SQL Server\160\Tools\Binn\;C:\Program Files\Microsoft SQL Server\160\Tools\Binn\;C:\Program Files\Microsoft SQL Server\Client SDK\ODBC\170\Tools\Binn\;C:\Program Files\Microsoft SQL Server\160\DTS\Binn\;C:\Users\AMD A6\;C:\ProgramData\chocolatey\bin;C:\Program Files\Apache\Maven\bin;C:\Program Files\Apache;C:\Program Files\Apache\Maven\bin;C:\Program Files\Apache;C:\Program Files\Apache\Maven\apache-maven-3.9.11-bin.zip;C:\Program Files\Apache\apache-maven-3.9.11\bin;C:\Program Files\Apache\apache-maven-3.9.11-bin;C:\Tools\apache-maven-3.9.11-bin\bin;C:\Tools\apache-maven-3.9.11-bin;C:\Tools\apache-maven-3.9.11-bin\apache-maven-3.9.11\bin;C:\Program Files\Git\cmd;C:\Users\AMD A6\AppData\Local\Programs\Python\Python312\Scripts\;C:\Users\AMD A6\AppData\Local\Programs\Python\Python312\;C:\Users\AMD A6\AppData\Local\Programs\Python\Launcher\;C:\Users\AMD A6\AppData\Local\Microsoft\WindowsApps;;C:\Program Files\JetBrains\IntelliJ IDEA Community Edition 2024.1\bin;;C:\Users\AMD A6\AppData\Roaming\npm
USERNAME=AMD A6
OS=Windows_NT
PROCESSOR_IDENTIFIER=AMD64 Family 22 Model 48 Stepping 1, AuthenticAMD
TMP=C:\Users\AMDA6~1\AppData\Local\Temp
TEMP=C:\Users\AMDA6~1\AppData\Local\Temp




Periodic native trim disabled

---------------  S Y S T E M  ---------------

OS:
 Windows 10 , 64 bit Build 19041 (10.0.19041.5915)
OS uptime: 0 days 16:59 hours

CPU: total 4 (initial active 4) (4 cores per cpu, 1 threads per core) family 22 model 48 stepping 1 microcode 0x0, cx8, cmov, fxsr, mmx, 3dnowpref, sse, sse2, sse3, ssse3, sse4a, sse4.1, sse4.2, popcnt, lzcnt, tsc, tscinvbit, avx, aes, clmul, bmi1, vzeroupper, clflush, rdtscp, f16c
Processor Information for the first 4 processors :
  Max Mhz: 2000, Current Mhz: 2000, Mhz Limit: 2000

Memory: 4k page, system-wide physical 7093M (593M free)
TotalPageFile size 11189M (AvailPageFile size 120M)
current process WorkingSet (physical memory assigned to process): 53M, peak: 89M
current process commit charge ("private bytes"): 210M, peak: 233M

vm_info: Java HotSpot(TM) 64-Bit Server VM (23.0.1+11-39) for windows-amd64 JRE (23.0.1+11-39), built on 2024-09-30T07:20:43Z with MS VC++ 17.6 (VS2022)

END.
